current directory: /Users/sbhambri/ASU Dropbox/Siddhant Bhambri/Mac/Desktop/Projects/MyWebpage/sbhambr1.github.io/vendor/bundle/ruby/2.6.0/gems/nokogiri-1.12.5/ext/nokogiri
/System/Library/Frameworks/Ruby.framework/Versions/2.6/usr/bin/ruby -I /System/Library/Frameworks/Ruby.framework/Versions/2.6/usr/lib/ruby/2.6.0 -r ./siteconf20251201-52016-1clauma.rb extconf.rb
checking for whether -std=c99 is accepted as CFLAGS... yes
checking for whether -Wno-declaration-after-statement is accepted as CFLAGS... yes
checking for whether -g is accepted as CFLAGS... yes
checking for whether -Winline is accepted as CFLAGS... yes
checking for whether -Wmissing-noreturn is accepted as CFLAGS... yes
checking for whether -Wno-error=unused-command-line-argument-hard-error-in-future is accepted as CFLAGS... no
Building nokogiri using packaged libraries.
Static linking is enabled.
Cross build is disabled.
checking for iconv.h... yes
checking for gzdopen() in -lz... yes
Using mini_portile version 2.6.1
checking for iconv... yes
---------- IMPORTANT NOTICE ----------
Building Nokogiri with a packaged version of libxml2-2.9.12.
Configuration options: --host\=aarch64-apple-darwin25 --enable-static --disable-shared --libdir\=/Users/sbhambri/ASU\ Dropbox/Siddhant\ Bhambri/Mac/Desktop/Projects/MyWebpage/sbhambr1.github.io/vendor/bundle/ruby/2.6.0/gems/nokogiri-1.12.5/ports/aarch64-apple-darwin25/libxml2/2.9.12/lib --with-iconv\=yes --disable-dependency-tracking --without-python --without-readline --with-c14n --with-debug --with-threads --disable-shared --enable-static RANLIB\=/usr/bin/ranlib AR\=/usr/bin/ar CFLAGS\=-O2\ -U_FORTIFY_SOURCE\ -g\ -fPIC LDFLAGS\=
The following patches are being applied:
  - 0001-Remove-script-macro-support.patch
  - 0002-Update-entities-to-remove-handling-of-ssi.patch
  - 0003-libxml2.la-is-in-top_builddir.patch
  - 0004-use-glibc-strlen.patch
  - 0005-avoid-isnan-isinf.patch
  - 0006-update-automake-files-for-arm64.patch
  - 0007-Fix-XPath-recursion-limit.patch

The Nokogiri maintainers intend to provide timely security updates, but if
this is a concern for you and want to use your OS/distro system library
instead, then abort this installation process and install nokogiri as
instructed at:

  https://nokogiri.org/tutorials/installing_nokogiri.html#installing-using-standard-system-libraries

Note, however, that nokogiri cannot guarantee compatibility with every
version of libxml2 that may be provided by OS/package vendors.

Extracting libxml2-2.9.12.tar.gz into tmp/aarch64-apple-darwin25/ports/libxml2/2.9.12... OK
Running git apply with /Users/sbhambri/ASU Dropbox/Siddhant Bhambri/Mac/Desktop/Projects/MyWebpage/sbhambr1.github.io/vendor/bundle/ruby/2.6.0/gems/nokogiri-1.12.5/patches/libxml2/0001-Remove-script-macro-support.patch... OK
Running git apply with /Users/sbhambri/ASU Dropbox/Siddhant Bhambri/Mac/Desktop/Projects/MyWebpage/sbhambr1.github.io/vendor/bundle/ruby/2.6.0/gems/nokogiri-1.12.5/patches/libxml2/0002-Update-entities-to-remove-handling-of-ssi.patch... OK
Running git apply with /Users/sbhambri/ASU Dropbox/Siddhant Bhambri/Mac/Desktop/Projects/MyWebpage/sbhambr1.github.io/vendor/bundle/ruby/2.6.0/gems/nokogiri-1.12.5/patches/libxml2/0003-libxml2.la-is-in-top_builddir.patch... OK
Running git apply with /Users/sbhambri/ASU Dropbox/Siddhant Bhambri/Mac/Desktop/Projects/MyWebpage/sbhambr1.github.io/vendor/bundle/ruby/2.6.0/gems/nokogiri-1.12.5/patches/libxml2/0004-use-glibc-strlen.patch... OK
Running git apply with /Users/sbhambri/ASU Dropbox/Siddhant Bhambri/Mac/Desktop/Projects/MyWebpage/sbhambr1.github.io/vendor/bundle/ruby/2.6.0/gems/nokogiri-1.12.5/patches/libxml2/0005-avoid-isnan-isinf.patch... OK
Running git apply with /Users/sbhambri/ASU Dropbox/Siddhant Bhambri/Mac/Desktop/Projects/MyWebpage/sbhambr1.github.io/vendor/bundle/ruby/2.6.0/gems/nokogiri-1.12.5/patches/libxml2/0006-update-automake-files-for-arm64.patch... OK
Running git apply with /Users/sbhambri/ASU Dropbox/Siddhant Bhambri/Mac/Desktop/Projects/MyWebpage/sbhambr1.github.io/vendor/bundle/ruby/2.6.0/gems/nokogiri-1.12.5/patches/libxml2/0007-Fix-XPath-recursion-limit.patch... OK
Running 'configure' for libxml2 2.9.12... OK
Running 'compile' for libxml2 2.9.12... OK
Running 'install' for libxml2 2.9.12... ERROR, review '/Users/sbhambri/ASU Dropbox/Siddhant Bhambri/Mac/Desktop/Projects/MyWebpage/sbhambr1.github.io/vendor/bundle/ruby/2.6.0/gems/nokogiri-1.12.5/ext/nokogiri/tmp/aarch64-apple-darwin25/ports/libxml2/2.9.12/install.log' to see what happened. Last lines are:
========================================================================
Making install in .
 ./install-sh -c -d '/Users/sbhambri/ASU Dropbox/Siddhant Bhambri/Mac/Desktop/Projects/MyWebpage/sbhambr1.github.io/vendor/bundle/ruby/2.6.0/gems/nokogiri-1.12.5/ports/aarch64-apple-darwin25/libxml2/2.9.12/lib'
 /bin/sh ./libtool   --mode=install /usr/bin/install -c   libxml2.la '/Users/sbhambri/ASU Dropbox/Siddhant Bhambri/Mac/Desktop/Projects/MyWebpage/sbhambr1.github.io/vendor/bundle/ruby/2.6.0/gems/nokogiri-1.12.5/ports/aarch64-apple-darwin25/libxml2/2.9.12/lib'
libtool: install: /usr/bin/install -c .libs/libxml2.lai /Users/sbhambri/ASU Dropbox/Siddhant Bhambri/Mac/Desktop/Projects/MyWebpage/sbhambr1.github.io/vendor/bundle/ruby/2.6.0/gems/nokogiri-1.12.5/ports/aarch64-apple-darwin25/libxml2/2.9.12/lib/libxml2.la
install: target directory `Bhambri/Mac/Desktop/Projects/MyWebpage/sbhambr1.github.io/vendor/bundle/ruby/2.6.0/gems/nokogiri-1.12.5/ports/aarch64-apple-darwin25/libxml2/2.9.12/lib/libxml2.la' does not exist
usage: install [-bCcpSsUv] [-f flags] [-g group] [-m mode] [-o owner]
               [-M log] [-D dest] [-h hash] [-T tags]
               [-B suffix] [-l linkflags] [-N dbdir]
               file1 file2
       install [-bCcpSsUv] [-f flags] [-g group] [-m mode] [-o owner]
               [-M log] [-D dest] [-h hash] [-T tags]
               [-B suffix] [-l linkflags] [-N dbdir]
               file1 ... fileN directory
       install -dU [-vU] [-g group] [-m mode] [-N dbdir] [-o owner]
               [-M log] [-D dest] [-h hash] [-T tags]
               directory ...
make[3]: *** [install-libLTLIBRARIES] Error 64
make[2]: *** [install-am] Error 2
make[1]: *** [install-recursive] Error 1
make: *** [install] Error 2
========================================================================
*** extconf.rb failed ***
Could not create Makefile due to some reason, probably lack of necessary
libraries and/or headers.  Check the mkmf.log file for more details.  You may
need configuration options.

Provided configuration options:
	--with-opt-dir
	--without-opt-dir
	--with-opt-include
	--without-opt-include=${opt-dir}/include
	--with-opt-lib
	--without-opt-lib=${opt-dir}/lib
	--with-make-prog
	--without-make-prog
	--srcdir=.
	--curdir
	--ruby=/System/Library/Frameworks/Ruby.framework/Versions/2.6/usr/bin/$(RUBY_BASE_NAME)
	--help
	--clean
	--prevent-strip
	--enable-system-libraries
	--disable-system-libraries
	--use-system-libraries
	--enable-system-libraries
	--disable-system-libraries
	--use-system-libraries
	--enable-static
	--disable-static
	--enable-cross-build
	--disable-cross-build
	--with-zlib-dir
	--without-zlib-dir
	--with-zlib-include
	--without-zlib-include=${zlib-dir}/include
	--with-zlib-lib
	--without-zlib-lib=${zlib-dir}/lib
	--with-xml2-source-dir
/Users/sbhambri/ASU Dropbox/Siddhant Bhambri/Mac/Desktop/Projects/MyWebpage/sbhambr1.github.io/vendor/bundle/ruby/2.6.0/gems/mini_portile2-2.6.1/lib/mini_portile2/mini_portile.rb:443:in `block in execute': Failed to complete install task (RuntimeError)
	from /Users/sbhambri/ASU Dropbox/Siddhant Bhambri/Mac/Desktop/Projects/MyWebpage/sbhambr1.github.io/vendor/bundle/ruby/2.6.0/gems/mini_portile2-2.6.1/lib/mini_portile2/mini_portile.rb:409:in `chdir'
	from /Users/sbhambri/ASU Dropbox/Siddhant Bhambri/Mac/Desktop/Projects/MyWebpage/sbhambr1.github.io/vendor/bundle/ruby/2.6.0/gems/mini_portile2-2.6.1/lib/mini_portile2/mini_portile.rb:409:in `execute'
	from /Users/sbhambri/ASU Dropbox/Siddhant Bhambri/Mac/Desktop/Projects/MyWebpage/sbhambr1.github.io/vendor/bundle/ruby/2.6.0/gems/mini_portile2-2.6.1/lib/mini_portile2/mini_portile.rb:142:in `install'
	from /Users/sbhambri/ASU Dropbox/Siddhant Bhambri/Mac/Desktop/Projects/MyWebpage/sbhambr1.github.io/vendor/bundle/ruby/2.6.0/gems/mini_portile2-2.6.1/lib/mini_portile2/mini_portile.rb:181:in `cook'
	from extconf.rb:511:in `block (2 levels) in process_recipe'
	from extconf.rb:296:in `block in chdir_for_build'
	from extconf.rb:295:in `chdir'
	from extconf.rb:295:in `chdir_for_build'
	from extconf.rb:511:in `block in process_recipe'
	from extconf.rb:415:in `tap'
	from extconf.rb:415:in `process_recipe'
	from extconf.rb:752:in `<main>'

To see why this extension failed to compile, please check the mkmf.log which can be found here:

  /Users/sbhambri/ASU Dropbox/Siddhant Bhambri/Mac/Desktop/Projects/MyWebpage/sbhambr1.github.io/vendor/bundle/ruby/2.6.0/extensions/universal-darwin-25/2.6.0/nokogiri-1.12.5/mkmf.log

extconf failed, exit code 1
